// Jest Snapshot v1, https://goo.gl/fbAQLP

exports[`it allows us to perform API calls to exchanges following 0x Standard Relayer API http getCandles returns data that provides a way to access charting candle info. 1`] = `
Array [
  1571591700000,
  8119,
  8130.01863254,
  8141.9,
  8118.9348735,
  276.98868624,
]
`;

exports[`it allows us to perform API calls to exchanges following 0x Standard Relayer API http getOrders accepts a precision parameter 1`] = `
Array [
  Array [
    8130,
    5,
    7.67023536,
  ],
  Array [
    8120,
    12,
    42.22308392,
  ],
  Array [
    8110,
    23,
    30.65053793,
  ],
  Array [
    8100,
    31,
    29.39315246,
  ],
  Array [
    8090,
    19,
    27.43358833,
  ],
  Array [
    8080,
    23,
    24.16574573,
  ],
  Array [
    8070,
    23,
    16.96020665,
  ],
  Array [
    8060,
    27,
    16.27200048,
  ],
  Array [
    8050,
    33,
    19.4480497,
  ],
  Array [
    8040,
    34,
    27.21216408,
  ],
  Array [
    8030,
    28,
    52.35272863,
  ],
  Array [
    8020,
    32,
    39.56436925,
  ],
  Array [
    8010,
    18,
    34.81457824,
  ],
  Array [
    8000,
    36,
    21.52586696,
  ],
  Array [
    7990,
    23,
    92.58519427,
  ],
  Array [
    7980,
    32,
    18.64419891,
  ],
  Array [
    7970,
    40,
    43.93822529,
  ],
  Array [
    7960,
    34,
    14.47872839,
  ],
  Array [
    7950,
    29,
    41.55024483,
  ],
  Array [
    7940,
    20,
    25.60074679,
  ],
  Array [
    7930,
    14,
    32.78905309,
  ],
  Array [
    7920,
    33,
    25.20231919,
  ],
  Array [
    7910,
    56,
    45.39939749,
  ],
  Array [
    7900,
    73,
    98.40525905,
  ],
  Array [
    7890,
    21,
    35.96099308,
  ],
  Array [
    8140,
    20,
    -13.6619596,
  ],
  Array [
    8150,
    78,
    -97.28699801,
  ],
  Array [
    8160,
    62,
    -91.35934426,
  ],
  Array [
    8170,
    78,
    -115.0975539,
  ],
  Array [
    8180,
    51,
    -98.70026239,
  ],
  Array [
    8190,
    68,
    -62.31086453,
  ],
  Array [
    8200,
    76,
    -45.63387179,
  ],
  Array [
    8210,
    85,
    -86.45936495,
  ],
  Array [
    8220,
    68,
    -56.26372511,
  ],
  Array [
    8230,
    72,
    -65.11412865,
  ],
  Array [
    8240,
    72,
    -46.61674412,
  ],
  Array [
    8250,
    67,
    -69.84237435,
  ],
  Array [
    8260,
    74,
    -47.70790585,
  ],
  Array [
    8270,
    57,
    -44.22960472,
  ],
  Array [
    8280,
    64,
    -84.50333143,
  ],
  Array [
    8290,
    52,
    -10.7977903,
  ],
  Array [
    8300,
    95,
    -11.54538025,
  ],
  Array [
    8310,
    55,
    -33.87694143,
  ],
  Array [
    8320,
    51,
    -14.47923224,
  ],
  Array [
    8330,
    58,
    -32.66660994,
  ],
  Array [
    8340,
    49,
    -35.02908663,
  ],
  Array [
    8350,
    55,
    -26.18329395,
  ],
  Array [
    8360,
    56,
    -28.17664049,
  ],
  Array [
    8370,
    51,
    -9.05454072,
  ],
  Array [
    8380,
    55,
    -3.43005266,
  ],
]
`;

exports[`it allows us to perform API calls to exchanges following 0x Standard Relayer API http getOrders returns orders on a price aggregated basis, with customizable precision. 1`] = `
Array [
  Array [
    8130,
    5,
    6.91534992,
  ],
  Array [
    8128,
    1,
    0.007,
  ],
  Array [
    8123.8,
    3,
    1.2952214,
  ],
  Array [
    8123.7,
    2,
    3.11202,
  ],
  Array [
    8122.3,
    1,
    0.2,
  ],
  Array [
    8122.2,
    1,
    0.00144925,
  ],
  Array [
    8121.9,
    2,
    0.00224931,
  ],
  Array [
    8121.8,
    1,
    0.02459327,
  ],
  Array [
    8121.7,
    1,
    0.3,
  ],
  Array [
    8120,
    1,
    37.282,
  ],
  Array [
    8119.4,
    1,
    1.2043631,
  ],
  Array [
    8119.2,
    1,
    0.004,
  ],
  Array [
    8118.4,
    1,
    2.5954,
  ],
  Array [
    8118.3,
    1,
    1.47600568,
  ],
  Array [
    8118,
    1,
    0.25,
  ],
  Array [
    8117.9,
    3,
    0.1599,
  ],
  Array [
    8117.7,
    1,
    0.0355,
  ],
  Array [
    8117.4,
    1,
    3,
  ],
  Array [
    8116.7,
    1,
    0.827,
  ],
  Array [
    8116.6,
    1,
    0.02636461,
  ],
  Array [
    8115.7,
    1,
    0.49436945,
  ],
  Array [
    8115.6,
    1,
    0.1423,
  ],
  Array [
    8115.2,
    1,
    0.0488,
  ],
  Array [
    8114.9,
    1,
    0.5227,
  ],
  Array [
    8113.7,
    1,
    5,
  ],
  Array [
    8130.1,
    2,
    -2,
  ],
  Array [
    8132.6,
    1,
    -0.975,
  ],
  Array [
    8133.1,
    1,
    -1.5,
  ],
  Array [
    8133.7,
    1,
    -0.1,
  ],
  Array [
    8133.9,
    1,
    -0.5,
  ],
  Array [
    8134.6,
    1,
    -0.14335853,
  ],
  Array [
    8134.7,
    1,
    -0.061339,
  ],
  Array [
    8136.7,
    1,
    -0.53609114,
  ],
  Array [
    8137.5,
    1,
    -2.3534,
  ],
  Array [
    8137.8,
    1,
    -0.1,
  ],
  Array [
    8138.3,
    2,
    -0.88663268,
  ],
  Array [
    8138.4,
    1,
    -0.5648,
  ],
  Array [
    8138.7,
    1,
    -1.47600569,
  ],
  Array [
    8140.2,
    2,
    -0.65992788,
  ],
  Array [
    8140.3,
    1,
    -0.15,
  ],
  Array [
    8140.5,
    2,
    -1.2,
  ],
  Array [
    8140.6,
    1,
    -1.1,
  ],
  Array [
    8140.7,
    1,
    -0.89043976,
  ],
  Array [
    8141.7,
    1,
    -0.01772837,
  ],
  Array [
    8141.9,
    3,
    -5.23503282,
  ],
  Array [
    8142.2,
    1,
    -0.98394933,
  ],
  Array [
    8142.3,
    1,
    -1.8538,
  ],
  Array [
    8142.4,
    1,
    -0.00130329,
  ],
  Array [
    8142.5,
    3,
    -0.0204,
  ],
  Array [
    8142.7,
    1,
    -0.05,
  ],
]
`;

exports[`it allows us to perform API calls to exchanges following 0x Standard Relayer API http getTickers returns data representing a high level overview of the state of the market. 1`] = `
Array [
  Array [
    "tBTCUSD",
    8130,
    75.31829032,
    8130.1,
    50.62643649,
    109.31863254,
    0.0136,
    8130.01863254,
    2568.01338164,
    8141.9,
    7921.6,
  ],
]
`;

exports[`it allows us to perform API calls to exchanges following 0x Standard Relayer API http trustless getConfig returns a list of all the tradable tokens and their addresses 1`] = `
Object {
  "0x": Object {
    "ethfinexAddress": "0x61b9898c9b60a159fc91ae8026563cd226b7a0c1",
    "exchangeAddress": "0xdcdb42c9a256690bd153a7b409751adfc8dd5851",
    "exchangeSymbols": Array [
      "tZRXETH",
      "tOMGETH",
      "tSANETH",
      "tSNTETH",
      "tEDOETH",
      "tFUNETH",
      "tREPETH",
      "tMKRETH",
      "tBATETH",
      "tNIOETH",
      "tSPKETH",
      "tDAIETH",
    ],
    "minOrderTime": 300,
    "protocol": "0x",
    "tokenRegistry": Object {
      "BAT": Object {
        "decimals": 18,
        "minOrderSize": 100,
        "tokenAddress": "0x0d8775f648430679a709e98d2b0cb6250d2887ef",
        "wrapperAddress": "0xe82cfc4713598dc7244368cf5aca1b102a04ce33",
      },
      "DAI": Object {
        "decimals": 18,
        "minOrderSize": 25,
        "tokenAddress": "0x89d24a6b4ccb1b6faa2625fe562bdd9a23260359",
        "wrapperAddress": "0xd9ebebfdab08c643c5f2837632de920c70a56247",
      },
      "EDO": Object {
        "decimals": 18,
        "minOrderSize": 25,
        "tokenAddress": "0xced4e93198734ddaff8492d525bd258d49eb388e",
        "wrapperAddress": "0xab056a8119bb91ca50631bd319ee3df654bebfa2",
      },
      "ETH": Object {
        "decimals": 18,
        "minOrderSize": 0.1,
        "wrapperAddress": "0xaa7427d8f17d87a28f5e1ba3adbb270badbe1011",
      },
      "FUN": Object {
        "decimals": 8,
        "minOrderSize": 1500,
        "tokenAddress": "0x419d0d8bdd9af5e606ae2232ed285aff190e711b",
        "wrapperAddress": "0xb33ce6b1e48f450b4c6d4c0a3f281237eeea2dec",
      },
      "MKR": Object {
        "decimals": 18,
        "minOrderSize": 0.04,
        "tokenAddress": "0x9f8f72aa9304c8b593d555f12ef6589cc3a579a2",
        "wrapperAddress": "0x38ae374ecf4db50b0ff37125b591a04997106a32",
      },
      "NEC": Object {
        "decimals": 18,
        "minOrderSize": 50,
        "tokenAddress": "0xcc80c051057b774cd75067dc48f8987c4eb97a5e",
        "wrapperAddress": "0xc94ec1f80c4423ae0cecb4296b5de530219f0f9d",
      },
      "NIO": Object {
        "decimals": 0,
        "minOrderSize": 840,
        "tokenAddress": "0x5554e04e76533e1d14c52f05beef6c9d329e1e30",
        "wrapperAddress": "0x680bf2eebf0ad9b183ac2ff88d16f5a4e41480e9",
      },
      "OMG": Object {
        "decimals": 18,
        "minOrderSize": 6,
        "tokenAddress": "0xd26114cd6EE289AccF82350c8d8487fedB8A0C07",
        "wrapperAddress": "0x60f8526f09caaf0008187945ccd88bc43790042c",
      },
      "REP": Object {
        "decimals": 18,
        "minOrderSize": 1.5,
        "tokenAddress": "0x1985365e9f78359a9b6ad760e32412f4a445e862",
        "wrapperAddress": "0x1488f99d305990694e19b3e72f6f0307cfa1df4e",
      },
      "SAN": Object {
        "decimals": 18,
        "minOrderSize": 50,
        "tokenAddress": "0x7c5a0ce9267ed19b22f8cae653f198e3e8daf098",
        "wrapperAddress": "0xb0abd4cc5195560209492b6854c666d7cff8c03c",
      },
      "SNT": Object {
        "decimals": 18,
        "minOrderSize": 600,
        "tokenAddress": "0x744d70fdbe2ba4cf95131626614a1763df805b9e",
        "wrapperAddress": "0x8aa72dd6045505836f643b39b82e70fd705f9686",
      },
      "SPK": Object {
        "decimals": 18,
        "minOrderSize": 400,
        "tokenAddress": "0x42d6622dece394b54999fbd73d108123806f6a18",
        "wrapperAddress": "0x70b04d0684ea9dc0c8e244e0a1453744350f3864",
      },
      "USD": Object {
        "decimals": 6,
        "minOrderSize": 25,
        "tokenAddress": "0xdac17f958d2ee523a2206206994597c13d831ec7",
        "wrapperAddress": "0x1a9b2d827f26b7d7c18fec4c1b27c1e8deeba26e",
      },
      "ZRX": Object {
        "decimals": 18,
        "minOrderSize": 40,
        "tokenAddress": "0xe41d2489571d322189246dafa5ebde1f4699f498",
        "wrapperAddress": "0xcf67d7a481ceeca0a77f658991a00366fed558f7",
      },
    },
  },
}
`;
